\BOOKMARK [1][-]{section.1}{Software Installation}{}% 1
\BOOKMARK [1][-]{section.2}{Digital Filter}{}% 2
\BOOKMARK [1][-]{section.3}{Z-transform}{}% 3
\BOOKMARK [1][-]{section.4}{Impulse Response}{}% 4
\BOOKMARK [1][-]{section.5}{DFT and FFT}{}% 5
